Reusing configuration cache.
> Task :composeApp:checkKotlinGradlePluginConfigurationErrors SKIPPED
> Task :composeApp:convertXmlValueResourcesForWasmJsMain NO-SOURCE
> Task :composeApp:copyNonXmlValueResourcesForWebMain NO-SOURCE
> Task :kotlinRestoreYarnLock UP-TO-DATE
> Task :composeApp:generateComposeResClass UP-TO-DATE
> Task :composeApp:generateExpectResourceCollectorsForCommonMain UP-TO-DATE
> Task :composeApp:wasmJsResolveResourcesFromDependencies UP-TO-DATE
> Task :kotlinNpmCachesSetup
> Task :composeApp:convertXmlValueResourcesForWebMain NO-SOURCE
> Task :kotlinBinaryenSetup UP-TO-DATE
> Task :composeApp:copyNonXmlValueResourcesForWasmJsMain NO-SOURCE
> Task :composeApp:unpackSkikoWasmRuntime UP-TO-DATE
> Task :composeApp:prepareComposeResourcesTaskForWebMain NO-SOURCE
> Task :composeApp:processSkikoRuntimeForKWasm UP-TO-DATE
> Task :composeApp:generateResourceAccessorsForWebMain NO-SOURCE
> Task :composeApp:prepareComposeResourcesTaskForWasmJsMain NO-SOURCE
> Task :composeApp:convertXmlValueResourcesForCommonMain UP-TO-DATE
> Task :composeApp:generateResourceAccessorsForWasmJsMain NO-SOURCE
> Task :composeApp:jsPackageJson UP-TO-DATE
> Task :composeApp:wasmJsPackageJson UP-TO-DATE
> Task :composeApp:jsTestPackageJson UP-TO-DATE
> Task :composeApp:copyNonXmlValueResourcesForCommonMain UP-TO-DATE
> Task :composeApp:wasmJsTestPackageJson UP-TO-DATE
> Task :composeApp:prepareComposeResourcesTaskForCommonMain UP-TO-DATE
> Task :composeApp:assembleWasmJsMainResources UP-TO-DATE
> Task :composeApp:generateResourceAccessorsForCommonMain UP-TO-DATE
> Task :composeApp:wasmJsResolveSelfResourcesCopyHierarchicalMultiplatformResources UP-TO-DATE
> Task :composeApp:generateActualResourceCollectorsForWasmJsMain UP-TO-DATE
> Task :composeApp:wasmJsAggregateResources UP-TO-DATE
> Task :composeApp:wasmJsProcessResources UP-TO-DATE
> Task :composeApp:jsPublicPackageJson UP-TO-DATE
> Task :composeApp:wasmJsPublicPackageJson UP-TO-DATE
> Task :composeApp:wasmJsTestPublicPackageJson UP-TO-DATE
> Task :composeApp:jsTestPublicPackageJson UP-TO-DATE
> Task :packageJsonUmbrella UP-TO-DATE
> Task :rootPackageJson UP-TO-DATE
> Task :kotlinNodeJsSetup UP-TO-DATE
> Task :kotlinYarnSetup UP-TO-DATE
> Task :kotlinNpmInstall UP-TO-DATE
> Task :kotlinStoreYarnLock UP-TO-DATE

> Task :composeApp:compileKotlinWasmJs FAILED
./gradlew : e: file:///C:/Users/gkhna/AndroidStudioProjects/GLOBAL%20TRADE/composeApp/src/commonMain/kotlin/com/mgacreative/globaltrade/App.kt:365:77 Unresolved r
eference 'clip'.
At line:1 char:1
+ ./gradlew :composeApp:wasmJsBrowserDistribution > build_output.log 2> ...
+ ~~~~~~~~~~~~~~~~~~~~~~~~~~~~~~~~~~~~~~~~~~~~~~~~~~~~~~~~~~~~~~~~~~~~~
    + CategoryInfo          : NotSpecified: (e: file:///C:/U...ference 'clip'.:String) [], RemoteException
    + FullyQualifiedErrorId : NativeCommandError
 
e: file:///C:/Users/gkhna/AndroidStudioProjects/GLOBAL%20TRADE/composeApp/src/commonMain/kotlin/com/mgacreative/globaltrade/App.kt:365:82 Unresolved reference 'Ci
rcleShape'.

FAILURE: Build failed with an exception.

* What went wrong:
Execution failed for task ':composeApp:compileKotlinWasmJs'.
> A failure occurred while executing org.jetbrains.kotlin.compilerRunner.GradleCompilerRunnerWithWorkers$GradleKotlinCompilerWorkAction
   > Compilation error. See log for more details

* Try:
> Run with --stacktrace option to get the stack trace.
> Run with --info or --debug option to get more log output.
> Run with --scan to get full insights.
> Get more help at https://help.gradle.org.

BUILD FAILED in 3s
31 actionable tasks: 2 executed, 29 up-to-date
Configuration cache entry reused.
