Reusing configuration cache.
> Task :composeApp:checkKotlinGradlePluginConfigurationErrors SKIPPED
> Task :composeApp:convertXmlValueResourcesForWasmJsMain NO-SOURCE
> Task :composeApp:wasmJsResolveResourcesFromDependencies UP-TO-DATE
> Task :composeApp:convertXmlValueResourcesForWebMain NO-SOURCE
> Task :composeApp:generateComposeResClass UP-TO-DATE
> Task :composeApp:generateExpectResourceCollectorsForCommonMain UP-TO-DATE
> Task :kotlinRestoreYarnLock UP-TO-DATE
> Task :kotlinNpmCachesSetup
> Task :composeApp:copyNonXmlValueResourcesForWasmJsMain NO-SOURCE
> Task :composeApp:unpackSkikoWasmRuntime UP-TO-DATE
> Task :composeApp:copyNonXmlValueResourcesForWebMain NO-SOURCE
> Task :kotlinBinaryenSetup UP-TO-DATE
> Task :composeApp:prepareComposeResourcesTaskForWasmJsMain NO-SOURCE
> Task :composeApp:processSkikoRuntimeForKWasm UP-TO-DATE
> Task :composeApp:prepareComposeResourcesTaskForWebMain NO-SOURCE
> Task :composeApp:convertXmlValueResourcesForCommonMain UP-TO-DATE
> Task :composeApp:generateResourceAccessorsForWasmJsMain NO-SOURCE
> Task :composeApp:generateResourceAccessorsForWebMain NO-SOURCE
> Task :composeApp:jsPackageJson UP-TO-DATE
> Task :composeApp:wasmJsPackageJson UP-TO-DATE
> Task :composeApp:copyNonXmlValueResourcesForCommonMain UP-TO-DATE
> Task :composeApp:jsTestPackageJson UP-TO-DATE
> Task :composeApp:prepareComposeResourcesTaskForCommonMain UP-TO-DATE
> Task :composeApp:wasmJsTestPackageJson UP-TO-DATE
> Task :composeApp:generateResourceAccessorsForCommonMain UP-TO-DATE
> Task :composeApp:assembleWasmJsMainResources UP-TO-DATE
> Task :composeApp:wasmJsResolveSelfResourcesCopyHierarchicalMultiplatformResources UP-TO-DATE
> Task :composeApp:generateActualResourceCollectorsForWasmJsMain UP-TO-DATE
> Task :composeApp:wasmJsAggregateResources UP-TO-DATE
> Task :composeApp:wasmJsProcessResources UP-TO-DATE
> Task :composeApp:jsPublicPackageJson UP-TO-DATE
> Task :composeApp:wasmJsPublicPackageJson UP-TO-DATE
> Task :composeApp:wasmJsTestPublicPackageJson UP-TO-DATE
> Task :composeApp:jsTestPublicPackageJson UP-TO-DATE
> Task :packageJsonUmbrella UP-TO-DATE
> Task :rootPackageJson UP-TO-DATE
> Task :kotlinNodeJsSetup UP-TO-DATE
> Task :kotlinYarnSetup UP-TO-DATE
> Task :kotlinNpmInstall UP-TO-DATE
> Task :kotlinStoreYarnLock UP-TO-DATE

> Task :composeApp:compileKotlinWasmJs FAILED
./gradlew : e: file:///C:/Users/gkhna/AndroidStudioProjects/GLOBAL%20TRADE/composeApp/src/commonMain/kotlin/com/mgacreative/globaltrade/App.kt:195:48 
Argument type mismatch: actual type is 'com.mgacreative.globaltrade.core.auth.Role?', but 'kotlin.String?' was expected.
At line:1 char:1
+ ./gradlew :composeApp:wasmJsBrowserDistribution > build_output.txt 2> ...
+ ~~~~~~~~~~~~~~~~~~~~~~~~~~~~~~~~~~~~~~~~~~~~~~~~~~~~~~~~~~~~~~~~~~~~~
    + CategoryInfo          : NotSpecified: (e: file:///C:/U...' was expected.:String) [], RemoteException
    + FullyQualifiedErrorId : NativeCommandError
 
e: file:///C:/Users/gkhna/AndroidStudioProjects/GLOBAL%20TRADE/composeApp/src/commonMain/kotlin/com/mgacreative/globaltrade/App.kt:215:55 Unresolved r
eference 'launch'.
e: file:///C:/Users/gkhna/AndroidStudioProjects/GLOBAL%20TRADE/composeApp/src/commonMain/kotlin/com/mgacreative/globaltrade/App.kt:215:76 Suspend func
tion 'suspend fun close(): Unit' should be called only from a coroutine or another suspend function.
e: file:///C:/Users/gkhna/AndroidStudioProjects/GLOBAL%20TRADE/composeApp/src/commonMain/kotlin/com/mgacreative/globaltrade/App.kt:224:55 Unresolved r
eference 'launch'.
e: file:///C:/Users/gkhna/AndroidStudioProjects/GLOBAL%20TRADE/composeApp/src/commonMain/kotlin/com/mgacreative/globaltrade/App.kt:224:76 Suspend func
tion 'suspend fun close(): Unit' should be called only from a coroutine or another suspend function.
e: file:///C:/Users/gkhna/AndroidStudioProjects/GLOBAL%20TRADE/composeApp/src/commonMain/kotlin/com/mgacreative/globaltrade/App.kt:252:44 Argument typ
e mismatch: actual type is 'com.mgacreative.globaltrade.core.auth.Role?', but 'kotlin.String?' was expected.
e: file:///C:/Users/gkhna/AndroidStudioProjects/GLOBAL%20TRADE/composeApp/src/commonMain/kotlin/com/mgacreative/globaltrade/App.kt:253:55 Unresolved r
eference 'launch'.
e: file:///C:/Users/gkhna/AndroidStudioProjects/GLOBAL%20TRADE/composeApp/src/commonMain/kotlin/com/mgacreative/globaltrade/App.kt:253:76 Suspend func
tion 'suspend fun open(): Unit' should be called only from a coroutine or another suspend function.
e: file:///C:/Users/gkhna/AndroidStudioProjects/GLOBAL%20TRADE/composeApp/src/commonMain/kotlin/com/mgacreative/globaltrade/App.kt:308:53 Unresolved r
eference 'Alignment'.
e: file:///C:/Users/gkhna/AndroidStudioProjects/GLOBAL%20TRADE/composeApp/src/commonMain/kotlin/com/mgacreative/globaltrade/App.kt:309:62 Unresolved r
eference 'size'.
e: file:///C:/Users/gkhna/AndroidStudioProjects/GLOBAL%20TRADE/composeApp/src/commonMain/kotlin/com/mgacreative/globaltrade/App.kt:310:33 Unresolved r
eference 'Spacer'.
e: file:///C:/Users/gkhna/AndroidStudioProjects/GLOBAL%20TRADE/composeApp/src/commonMain/kotlin/com/mgacreative/globaltrade/App.kt:311:67 Unresolved r
eference 'sp'.
e: file:///C:/Users/gkhna/AndroidStudioProjects/GLOBAL%20TRADE/composeApp/src/commonMain/kotlin/com/mgacreative/globaltrade/ui/home/HomeDashboardScree
n.kt:58:13 No value passed for parameter 'companyQuery'.
e: file:///C:/Users/gkhna/AndroidStudioProjects/GLOBAL%20TRADE/composeApp/src/commonMain/kotlin/com/mgacreative/globaltrade/ui/home/HomeDashboardScree
n.kt:58:13 No value passed for parameter 'sectorQuery'.

FAILURE: Build failed with an exception.

* What went wrong:
Execution failed for task ':composeApp:compileKotlinWasmJs'.
> A failure occurred while executing org.jetbrains.kotlin.compilerRunner.GradleCompilerRunnerWithWorkers$GradleKotlinCompilerWorkAction
   > Compilation error. See log for more details

* Try:
> Run with --stacktrace option to get the stack trace.
> Run with --info or --debug option to get more log output.
> Run with --scan to get full insights.
> Get more help at https://help.gradle.org.

BUILD FAILED in 4s
31 actionable tasks: 2 executed, 29 up-to-date
Configuration cache entry reused.
